---
source: bismuth-custom/src/lib.rs
expression: customs
---
[
    Element {
        kind: CustomElement(
            CustomElm {
                name: "test",
                values: {
                    "other": "key",
                },
                body: None,
                template: None,
            },
        ),
        elements: [],
        text: None,
        attrs: {},
        asset_list: [],
        id: [redacted],
    },
]
