---
source: socrates-lexer/src/lib.rs
expression: "snapshot(\"./testdata/tests/test1.md\")"
---
# This is a header↲
^ Token(Hash, "#", 0 -> 0)
 ^^^^^^^^^^^^^^^^^ Token(Text, " This is a header", 1 -> 17)
                  ^ Token(EndOfLine, "\n", 18 -> 18)
*some italic*↲
^ Token(Asterisk, "*", 19 -> 19)
 ^^^^^^^^^^^ Token(Text, "some italic", 20 -> 30)
            ^ Token(Asterisk, "*", 31 -> 31)
             ^ Token(EndOfLine, "\n", 32 -> 32)
Text↲
^^^^ Token(Text, "Text", 33 -> 36)
    ^ Token(EndOfLine, "\n", 37 -> 37)
#This is not a header↲
^^^^^^^^^^^^^^^^^^^^^ Token(Text, "#This is not a header", 38 -> 58)
                     ^ Token(EndOfLine, "\n", 59 -> 59)

