---
source: socrates-lexer/src/lib.rs
expression: "snapshot(\"./testdata/tests/test_fontmatter_2.md\")"
---
[
    Token {
        start: 0,
        end: 0,
        kind: StartOfFile,
        text: [],
    },
    Token {
        start: 0,
        end: 2,
        kind: FontmatterStart,
        text: [
            '-',
            '-',
            '-',
        ],
    },
    Token {
        start: 3,
        end: 42,
        kind: FontmatterInside,
        text: [
            '\n',
            'f',
            'o',
            'n',
            't',
            ':',
            ' ',
            '"',
            't',
            'h',
            'i',
            's',
            ' ',
            'i',
            's',
            ' ',
            'a',
            ' ',
            '-',
            '-',
            '-',
            ' ',
            'f',
            'o',
            'n',
            't',
            ' ',
            'm',
            'a',
            't',
            't',
            'e',
            'r',
            ' ',
            't',
            'e',
            's',
            't',
            '"',
            '\n',
        ],
    },
    Token {
        start: 43,
        end: 45,
        kind: FontmatterEnd,
        text: [
            '-',
            '-',
            '-',
        ],
    },
    Token {
        start: 47,
        end: 47,
        kind: EndOfFile,
        text: [],
    },
]
