---
source: socrates-lexer/src/lib.rs
expression: "snapshot(\"./testdata/tests/test_fontmatter_2.md\")"
---
---↲
^^^ Token(FontmatterStart, "---", 0 -> 2)
font: "this is a --- font matter test"↲
^^^^^^^^^^^^^^^^^^^^^^^^^^^^^^^^^^^^^^ Token(FontmatterInside, "font: \"this is a --- font matter test\"", 4 -> 41)
                                      ^ Token(EndOfLine, "\n", 42 -> 42)
this: "is a test of muli line support?"↲
^^^^^^^^^^^^^^^^^^^^^^^^^^^^^^^^^^^^^^^ Token(FontmatterInside, "this: \"is a test of muli line support?\"", 43 -> 81)
                                       ^ Token(EndOfLine, "\n", 82 -> 82)
---↲
^^^ Token(FontmatterEnd, "---", 83 -> 85)
   ^ Token(EndOfLine, "\n", 86 -> 86)

