---
source: bismuth-custom/src/lib.rs
expression: "snapshot(\"%{{\\nname: navbar\\nother: key\\n}}\")"
---
FontMatter {
    title: Some(
        "test",
    ),
    path: Some(
        "/test/",
    ),
    kind: Some(
        "default",
    ),
    values: None,
}
Element{
    Kind: "Custom{Name: navbar, Body: None, Values: [(\"other\", \"key\")], Template: None}",
    Text: None,
    Attrs: [],
    Elements: [
    Element{
        Kind: "Text",
        Text: Some("other: key"),
        Attrs: [],
        Elements: [
        ])
    },
    ])
}
Element{
    Kind: "EndOfLine",
    Text: None,
    Attrs: [],
    Elements: [
    ])
}

