---
source: bismuth-custom/src/lib.rs
expression: customs
---
Parser {
    lexer: Lexer {
        path: "/test/",
        chars: [
            '%',
            '{',
            '{',
            '\n',
            'n',
            'a',
            'm',
            'e',
            ':',
            ' ',
            'f',
            'o',
            'o',
            't',
            'e',
            'r',
            '\n',
            '}',
            '}',
            '\n',
        ],
        position: 20,
        current_token: Token {
            start: 20,
            end: 20,
            kind: EndOfFile,
            text: [],
        },
        tokens: [
            Token {
                start: 0,
                end: 0,
                kind: StartOfFile,
                text: [],
            },
            Token {
                start: 0,
                end: 0,
                kind: Percent,
                text: [
                    '%',
                ],
            },
            Token {
                start: 1,
                end: 2,
                kind: CurlybraceLeft,
                text: [
                    '{',
                    '{',
                ],
            },
            Token {
                start: 3,
                end: 3,
                kind: EndOfLine,
                text: [
                    '\n',
                ],
            },
            Token {
                start: 4,
                end: 15,
                kind: Text,
                text: [
                    'n',
                    'a',
                    'm',
                    'e',
                    ':',
                    ' ',
                    'f',
                    'o',
                    'o',
                    't',
                    'e',
                    'r',
                ],
            },
            Token {
                start: 16,
                end: 16,
                kind: EndOfLine,
                text: [
                    '\n',
                ],
            },
            Token {
                start: 17,
                end: 18,
                kind: CurlybraceRight,
                text: [
                    '}',
                    '}',
                ],
            },
            Token {
                start: 19,
                end: 19,
                kind: EndOfLine,
                text: [
                    '\n',
                ],
            },
            Token {
                start: 20,
                end: 20,
                kind: EndOfFile,
                text: [],
            },
        ],
    },
    index: 8,
    metadata: Metadata {
        absolute_path: "/test/",
        fontmatter: FontMatter {
            title: Some(
                "test",
            ),
            path: Some(
                "/test/",
            ),
            kind: Some(
                "default",
            ),
            values: None,
        },
    },
    current_element: None,
    state: State {
        new_line: true,
        inside: [],
        indent_level: 0,
    },
    has_custom: true,
    ast: Ast {
        elements: [
            Element {
                kind: CustomElement(
                    CustomElm {
                        name: "footer",
                        values: {},
                        body: None,
                        template: Some(
                            "<h1>Test template</h1>",
                        ),
                    },
                ),
                elements: [],
                text: None,
                attrs: {},
                id: [redacted],
            },
            Element {
                kind: EndOfLine,
                elements: [],
                text: None,
                attrs: {},
                id: [redacted],
            },
        ],
    },
}
