---
source: bismuth-custom/src/lib.rs
expression: "snapshot(\"this is a test \\n%{{\\nname: navbar\\nkey: value\\nbloglist: true? will this work\\n}}\\n%{{\\nname: blog list\\nother: key\\n}}\")"
---
FrontMatter {
    title: Some(
        "test",
    ),
    path: Some(
        "/test",
    ),
    kind: Some(
        "default",
    ),
    values: None,
}
Element{
    Kind: "Paragraph",
    Text: None,
    Attrs: [],
    Elements: [
    Element{
        Kind: "Text",
        Text: Some("this is a test "),
        Attrs: [],
        Elements: [
        ])
    },
    ])
}
Element{
    Kind: "EndOfLine",
    Text: None,
    Attrs: [],
    Elements: [
    ])
}
Element{
    Kind: "Custom{Name: navbar, Body: None, Values: [(\"bloglist\", \"true? will this work\"), (\"key\", \"value\")], Template: None}",
    Text: None,
    Attrs: [],
    Elements: [
    Element{
        Kind: "Text",
        Text: Some("bloglist: true? will this work"),
        Attrs: [],
        Elements: [
        ])
    },
    Element{
        Kind: "Text",
        Text: Some("key: value"),
        Attrs: [],
        Elements: [
        ])
    },
    ])
}
Element{
    Kind: "EndOfLine",
    Text: None,
    Attrs: [],
    Elements: [
    ])
}
Element{
    Kind: "Custom{Name: blog list, Body: None, Values: [(\"other\", \"key\")], Template: None}",
    Text: None,
    Attrs: [],
    Elements: [
    Element{
        Kind: "Custom{Name: navbar, Body: None, Values: [(\"other\", \"key\")], Template: None}",
        Text: Some("other: key"),
        Attrs: [],
        Elements: [
            Element{
            Kind: "Text",
            Text: Some("other: key"),
            Attrs: [],
            Elements: [
            ])
        },
        ])
    },
    ])
}
Element{
    Kind: "EndOfLine",
    Text: None,
    Attrs: [],
    Elements: [
    ])
}

