---
source: bismuth-custom/src/lib.rs
expression: "snapshot(\"%{{\\nname: footer\\n}}\\n, this is a test \\n%{{\\nname: footer\\nkey: value\\n}}\")"
---
FrontMatter {
    title: Some(
        "test",
    ),
    path: Some(
        "/test",
    ),
    kind: Some(
        "default",
    ),
    values: None,
}
Element{
    Kind: "Custom{Name: footer, Body: None, Values: [], Template: Some(\"<h1>Test template</h1>\")}",
    Text: None,
    Attrs: [],
    Elements: [
    ])
}
Element{
    Kind: "EndOfLine",
    Text: None,
    Attrs: [],
    Elements: [
    ])
}
Element{
    Kind: "Paragraph",
    Text: None,
    Attrs: [],
    Elements: [
    Element{
        Kind: "Text",
        Text: Some(", this is a test "),
        Attrs: [],
        Elements: [
        ])
    },
    ])
}
Element{
    Kind: "EndOfLine",
    Text: None,
    Attrs: [],
    Elements: [
    ])
}
Element{
    Kind: "Custom{Name: footer, Body: None, Values: [(\"key\", \"value\")], Template: Some(\"<h1>Test template</h1>\")}",
    Text: None,
    Attrs: [],
    Elements: [
    ])
}
Element{
    Kind: "EndOfLine",
    Text: None,
    Attrs: [],
    Elements: [
    ])
}

