---
source: bismuth-html/src/render/mod.rs
expression: "snapshot(\"this is a test for inline latex using katex: $E = mc^2$\")"
---
<p>this is a test for inline latex using katex: <span class="katex"><math xmlns="http://www.w3.org/1998/Math/MathML"><semantics><mrow><mi>E</mi><mo>=</mo><mi>m</mi><msup><mi>c</mi><mn>2</mn></msup></mrow><annotation encoding="application/x-tex">E = mc^2</annotation></semantics></math></span></p>
<br>

