---
source: bismuth-html/src/render/mod.rs
expression: "snapshot(\"test *test* \\n```rust\\nfn test() {\\n\\tprintln!(\\\"test\\\")\\n}\\n```\")"
---
<!DOCTYPE html>
<html lang="">

<head>
    <meta charset="utf-8">
    <meta http-equiv="X-UA-Compatible" content="IE=edge">
    <meta name="viewport" content="width=device-width,initial-scale=1.0">
    <meta name="head:count" content="4">
    <link rel="stylesheet" href="/assets/css/colors.css">
    <title>test</title>

    <style>
        * {
            color: var(--text-1);
        }

        body {
            background-color: var(--background-1);
        }
    </style>
</head>

<body>
    <p>test <i>test</i> </p>
<br>
<pre style="background-color:#ffffff;">
<span style="color:#323232;">
</span><span style="font-weight:bold;color:#a71d5d;">fn </span><span style="font-weight:bold;color:#795da3;">test</span><span style="color:#323232;">() {
</span><span style="color:#323232;">	println!(</span><span style="color:#183691;">&quot;test&quot;</span><span style="color:#323232;">)
</span><span style="color:#323232;">}
</span></pre>

<br>

</body>

</html>

