---
source: bismuth-html/src/render/mod.rs
expression: "snapshot(\"test *test* \\n```rust\\nfn test() {\\n\\tprintln!(\\\"test\\\")\\n}\\n```\")"
---
<!DOCTYPE html>
<html lang="">

<head>
    <meta charset="utf-8">
    <meta http-equiv="X-UA-Compatible" content="IE=edge">
    <meta name="viewport" content="width=device-width,initial-scale=1.0">
    <meta name="head:count" content="4">
    <link rel="stylesheet" href="/assets/css/colors.css">
    <link rel="stylesheet" href="/assets/css/base.css">
    <title>{title}</title>
</head>

<body>
    <div class="content">
        <div class="inner">
            <p>test <i>test</i> </p>

<div class="code"><div class="code-inside"><pre style="background-color:#3b3228;">
<span style="color:#a89bb9;">fn </span><span style="color:#8ab3b5;">test</span><span style="color:#d0c8c6;">() {
</span><span style="color:#d0c8c6;">	println!(&quot;</span><span style="color:#beb55b;">test</span><span style="color:#d0c8c6;">&quot;)
</span><span style="color:#d0c8c6;">}
</span></pre>
</div></div>



        </div>
    </div>
    
    
    
</body>

</html>

