---
source: bismuth-html/src/render/element.rs
expression: full_str
---
<pre style="background-color:#ffffff;">
<span style="font-weight:bold;color:#a71d5d;">fn </span><span style="font-weight:bold;color:#795da3;">test</span><span style="color:#323232;">() {
</span><span style="color:#323232;">	println!(</span><span style="color:#183691;">&quot;Test&quot;</span><span style="color:#323232;">)
</span><span style="color:#323232;">}</span></pre>

<br>
<blockquote>Blockquote inside</blockquote>
<br>

