---
source: bismuth-parser/src/custom.rs
expression: "snapshot(\"name: this is a test name with --- dashes\\nkey: value\\ntext: this is a test \\\\n\\n---\\n<p>this is the body text</p>\")"
---
{
	name: "this is a test name with --- dashes"
	values: {
		key, value
		text, this is a test \n
	},
	body: "<p>this is the body text</p>"
}
