---
source: bismuth-parser/src/frontmatter.rs
expression: "run_snapshot(fm,\n    \"\n        title: this is a title\n        values:\n            - value-1: test\n            - value-2: test 2\n        \")"
---
FrontMatter {
    title: Some(
        "this is a title",
    ),
    path: Some(
        "/path/test",
    ),
    kind: Some(
        "default",
    ),
    values: Some(
        [
            {
                "value-1": "test",
            },
            {
                "value-2": "test 2",
            },
        ],
    ),
}
