---
source: bismuth-parser/src/frontmatter.rs
expression: "run_snapshot(fm,\n    \"\n        title: Test\n        path: /test\n        kind: test\n        values:\n            - test: te\n        \")"
---
FrontMatter {
    title: Some(
        "Test",
    ),
    path: Some(
        "/test",
    ),
    kind: Some(
        "test",
    ),
    values: Some(
        [
            {
                "test": "te",
            },
        ],
    ),
}
