---
source: bismuth-parser/src/fontmatter.rs
expression: "format!(\"{:#?}\", fm)"
---
FontMatter {
    title: Some(
        "this is a title",
    ),
    path: Some(
        "/path/test",
    ),
    kind: Some(
        "default",
    ),
    values: Some(
        [
            {
                "value-1": "test",
            },
            {
                "value-2": "test 2",
            },
        ],
    ),
}
