---
source: bismuth-lexer/src/lib.rs
expression: "snapshot(\"./testdata/tests/test_frontmatter.md\")"
---
---↲
^^^ Token(FrontmatterStart, "---", 0 -> 2)
this: "font matter"↲
^^^^^^^^^^^^^^^^^^^ Token(FrontmatterInside, "this: \"font matter\"", 4 -> 22)
                   ^ Token(EndOfLine, "\n", 23 -> 23)
---↲
^^^ Token(FrontmatterEnd, "---", 24 -> 26)
   ^ Token(EndOfLine, "\n", 27 -> 27)
# TEST↲
^ Token(Hash, "#", 28 -> 28)
 ^^^^^ Token(Text, " TEST", 29 -> 33)
      ^ Token(EndOfLine, "\n", 34 -> 34)
↲
^ Token(EndOfLine, "\n", 35 -> 35)

