---
source: bismuth-lexer/src/lib.rs
expression: "snapshot(\"./testdata/tests/test2.md\")"
---
# This is a test↲
^ Token(Hash, "#", 0 -> 0)
 ^^^^^^^^^^^^^^^ Token(Text, " This is a test", 1 -> 15)
                ^ Token(EndOfLine, "\n", 16 -> 16)
> Block quote↲
^ Token(GreaterThan, ">", 17 -> 17)
 ^^^^^^^^^^^^ Token(Text, " Block quote", 18 -> 29)
             ^ Token(EndOfLine, "\n", 30 -> 30)
## Will it work:↲
^^ Token(Hash, "##", 31 -> 32)
  ^^^^^^^^^^^^^^ Token(Text, " Will it work:", 33 -> 46)
                ^ Token(EndOfLine, "\n", 47 -> 47)
- List↲
^ Token(Dash, "-", 48 -> 48)
 ^^^^^ Token(Text, " List", 49 -> 53)
      ^ Token(EndOfLine, "\n", 54 -> 54)
    Tab?↲
^^^^ Token(Whitespace, "    ", 55 -> 58)
    ^^^^ Token(Text, "Tab?", 59 -> 62)
        ^ Token(EndOfLine, "\n", 63 -> 63)
1. List item↲
^^ Token(ListNumber, "1.", 64 -> 65)
  ^^^^^^^^^^ Token(Text, " List item", 66 -> 75)
            ^ Token(EndOfLine, "\n", 76 -> 76)
↲
^ Token(EndOfLine, "\n", 77 -> 77)
**Lorem** __ipsum__ dolor sit amet↲
^^ Token(Asterisk, "**", 78 -> 79)
  ^^^^^ Token(Text, "Lorem", 80 -> 84)
       ^^ Token(Asterisk, "**", 85 -> 86)
         ^ Token(Text, " ", 87 -> 87)
          ^^ Token(Underscore, "__", 88 -> 89)
            ^^^^^ Token(Text, "ipsum", 90 -> 94)
                 ^^ Token(Underscore, "__", 95 -> 96)
                   ^^^^^^^^^^^^^^^ Token(Text, " dolor sit amet", 97 -> 111)
                                  ^ Token(EndOfLine, "\n", 112 -> 112)
↲
^ Token(EndOfLine, "\n", 113 -> 113)
---↲
^^^ Token(Dash, "---", 114 -> 116)
   ^ Token(EndOfLine, "\n", 117 -> 117)
# List↲
^ Token(Hash, "#", 118 -> 118)
 ^^^^^ Token(Text, " List", 119 -> 123)
      ^ Token(EndOfLine, "\n", 124 -> 124)
↲
^ Token(EndOfLine, "\n", 125 -> 125)
%{{↲
^ Token(Percent, "%", 126 -> 126)
 ^^ Token(CurlybraceLeft, "{{", 127 -> 128)
   ^ Token(EndOfLine, "\n", 129 -> 129)
↲
^ Token(EndOfLine, "\n", 130 -> 130)
}}↲
^^ Token(CurlybraceRight, "}}", 131 -> 132)
  ^ Token(EndOfLine, "\n", 133 -> 133)
[link](example.com)↲
^ Token(BracketLeft, "[", 134 -> 134)
 ^^^^ Token(Text, "link", 135 -> 138)
     ^ Token(BracketRight, "]", 139 -> 139)
      ^ Token(ParenthesisLeft, "(", 140 -> 140)
       ^^^^^^^^^^^ Token(Text, "example.com", 141 -> 151)
                  ^ Token(ParenthesisRight, ")", 152 -> 152)
                   ^ Token(EndOfLine, "\n", 153 -> 153)
![file]example.com)↲
^ Token(Exclamation, "!", 154 -> 154)
 ^ Token(BracketLeft, "[", 155 -> 155)
  ^^^^ Token(Text, "file", 156 -> 159)
      ^ Token(BracketRight, "]", 160 -> 160)
       ^^^^^^^^^^^ Token(Text, "example.com", 161 -> 171)
                  ^ Token(ParenthesisRight, ")", 172 -> 172)
                   ^ Token(EndOfLine, "\n", 173 -> 173)
↲
^ Token(EndOfLine, "\n", 174 -> 174)
`inilen`↲
^ Token(Backtick, "`", 175 -> 175)
 ^^^^^^ Token(Text, "inilen", 176 -> 181)
       ^ Token(Backtick, "`", 182 -> 182)
        ^ Token(EndOfLine, "\n", 183 -> 183)
```↲
^^^ Token(Backtick, "```", 184 -> 186)
   ^ Token(EndOfLine, "\n", 187 -> 187)
non inline↲
^^^^^^^^^^ Token(Text, "non inline", 188 -> 197)
          ^ Token(EndOfLine, "\n", 198 -> 198)
```↲
^^^ Token(Backtick, "```", 199 -> 201)
   ^ Token(EndOfLine, "\n", 202 -> 202)
↲
^ Token(EndOfLine, "\n", 203 -> 203)
$Math?$↲
^ Token(DollarSign, "$", 204 -> 204)
 ^^^^^ Token(Text, "Math?", 205 -> 209)
      ^ Token(DollarSign, "$", 210 -> 210)
       ^ Token(EndOfLine, "\n", 211 -> 211)
↲
^ Token(EndOfLine, "\n", 212 -> 212)

