---
source: bismuth-lexer/src/lib.rs
expression: "snapshot(\"./testdata/tests/test_frontmatter_2.md\")"
---
---↲
^^^ Token(FrontmatterStart, "---", 0 -> 2)
font: "this is a --- font matter test"↲
^^^^^^^^^^^^^^^^^^^^^^^^^^^^^^^^^^^^^^ Token(FrontmatterInside, "font: \"this is a --- font matter test\"", 4 -> 41)
                                      ^ Token(EndOfLine, "\n", 42 -> 42)
this: "is a test of muli line support?"↲
^^^^^^^^^^^^^^^^^^^^^^^^^^^^^^^^^^^^^^^ Token(FrontmatterInside, "this: \"is a test of muli line support?\"", 43 -> 81)
                                       ^ Token(EndOfLine, "\n", 82 -> 82)
---↲
^^^ Token(FrontmatterEnd, "---", 83 -> 85)
   ^ Token(EndOfLine, "\n", 86 -> 86)
↲
^ Token(EndOfLine, "\n", 87 -> 87)

