---
source: bismuth-parser/src/lib.rs
expression: format_parser(parser)
---
Element{
    Kind: "Paragraph",
    Text: None,
    Attrs: [],
    Elements: [
    Element{
        Kind: "Text",
        Text: Some("test "),
        Attrs: [],
        Elements: [
        ])
    },
    ])
}
Element{
    Kind: "EndOfLine",
    Text: None,
    Attrs: [],
    Elements: [
    ])
}
Element{
    Kind: "Paragraph",
    Text: None,
    Attrs: [],
    Elements: [
    Element{
        Kind: "Text",
        Text: Some("test "),
        Attrs: [],
        Elements: [
        ])
    },
    Element{
        Kind: "Italic",
        Text: None,
        Attrs: [],
        Elements: [
            Element{
            Kind: "Bold",
            Text: None,
            Attrs: [],
            Elements: [
                    Element{
                Kind: "Text",
                Text: Some("test"),
                Attrs: [],
                Elements: [
                ])
            },
            ])
        },
        ])
    },
    Element{
        Kind: "Text",
        Text: Some(" none"),
        Attrs: [],
        Elements: [
        ])
    },
    ])
}

