---
source: bismuth-parser/src/lib.rs
expression: format_parser(parser)
---
FontMatter {
    title: Some(
        "test",
    ),
    path: Some(
        "/test/path/",
    ),
    kind: Some(
        "default",
    ),
    values: Some(
        [
            {
                "key": "value",
            },
        ],
    ),
}
Element{
    Kind: "EndOfLine",
    Text: None,
    Attrs: [],
    Elements: [
    ])
}

