---
source: bismuth-parser/src/lib.rs
expression: format_parser(parser)
---
FontMatter {
    title: Some(
        "test",
    ),
    path: Some(
        "/test/",
    ),
    kind: Some(
        "default",
    ),
    values: None,
}
Element{
    Kind: "OrderedListElement",
    Text: None,
    Attrs: [("level", "0"), ("num", "1")],
    Elements: [
    Element{
        Kind: "Text",
        Text: Some(" list item"),
        Attrs: [],
        Elements: [
        ])
    },
    ])
}
Element{
    Kind: "EndOfLine",
    Text: None,
    Attrs: [],
    Elements: [
    ])
}
Element{
    Kind: "OrderedListElement",
    Text: None,
    Attrs: [("level", "1"), ("num", "2")],
    Elements: [
    Element{
        Kind: "Text",
        Text: Some(" hmm"),
        Attrs: [],
        Elements: [
        ])
    },
    ])
}
Element{
    Kind: "EndOfLine",
    Text: None,
    Attrs: [],
    Elements: [
    ])
}


