---
source: bismuth-parser/src/lib.rs
expression: "snapshot_str(\"%{{\\nname: test\\nother: key\\n---\\nbody\\ntest\\n}}\\n---\\ntest\")"
---
FontMatter {
    title: Some(
        "test",
    ),
    path: Some(
        "/test/",
    ),
    kind: Some(
        "default",
    ),
    values: None,
}
Element{
    Kind: "Custom{Name: test, Body: Some(\"body\\ntest\"), Values: [(\"other\", \"key\")], Template: None}",
    Text: None,
    Attrs: [],
    Elements: [
    ])
}
Element{
    Kind: "EndOfLine",
    Text: None,
    Attrs: [],
    Elements: [
    ])
}
Element{
    Kind: "HorizontalRule",
    Text: None,
    Attrs: [],
    Elements: [
    ])
}
Element{
    Kind: "EndOfLine",
    Text: None,
    Attrs: [],
    Elements: [
    ])
}
Element{
    Kind: "Paragraph",
    Text: None,
    Attrs: [],
    Elements: [
    Element{
        Kind: "Text",
        Text: Some("test"),
        Attrs: [],
        Elements: [
        ])
    },
    ])
}
Element{
    Kind: "EndOfLine",
    Text: None,
    Attrs: [],
    Elements: [
    ])
}

