---
source: bismuth-parser/src/lib.rs
expression: "snapshot_str(\"\\ntest `test`\\n\")"
---
FrontMatter {
    file_name: Some(
        "test",
    ),
    title: None,
    path: Some(
        "/test",
    ),
    kind: Some(
        "default",
    ),
    values: None,
}
Element{
    Kind: "EndOfLine",
    Text: None,
    Attrs: [],
    Elements: [
    ])
}
Element{
    Kind: "Paragraph",
    Text: None,
    Attrs: [],
    Elements: [
    Element{
        Kind: "Text",
        Text: Some("test "),
        Attrs: [],
        Elements: [
        ])
    },
    Element{
        Kind: "InlineCode",
        Text: Some("test"),
        Attrs: [],
        Elements: [
        ])
    },
    ])
}
Element{
    Kind: "EndOfLine",
    Text: None,
    Attrs: [],
    Elements: [
    ])
}
Element{
    Kind: "EndOfLine",
    Text: None,
    Attrs: [],
    Elements: [
    ])
}

