---
source: bismuth-parser/src/lib.rs
expression: "snapshot_str(\"---\\ntitle: test title\\npath: /test/path/\\nvalues:\\n    - key: value\\n---\")"
---
FontMatter {
    title: Some(
        "test title",
    ),
    path: Some(
        "/test/path/",
    ),
    kind: Some(
        "default",
    ),
    values: Some(
        [
            {
                "key": "value",
            },
        ],
    ),
}
Element{
    Kind: "EndOfLine",
    Text: None,
    Attrs: [],
    Elements: [
    ])
}
Element{
    Kind: "EndOfLine",
    Text: None,
    Attrs: [],
    Elements: [
    ])
}


