---
source: bismuth-parser/src/lib.rs
expression: "snapshot_str(\"## header\\n> blockquote\\n- list\\n\\t- item\\n        - level _**two??**_\")"
---
FrontMatter {
    title: Some(
        "test",
    ),
    path: Some(
        "/test",
    ),
    kind: Some(
        "default",
    ),
    values: None,
}
Element{
    Kind: "Header",
    Text: None,
    Attrs: [("level", "2")],
    Elements: [
    Element{
        Kind: "Text",
        Text: Some(" header"),
        Attrs: [],
        Elements: [
        ])
    },
    ])
}
Element{
    Kind: "EndOfLine",
    Text: None,
    Attrs: [],
    Elements: [
    ])
}
Element{
    Kind: "Blockquote",
    Text: None,
    Attrs: [],
    Elements: [
    Element{
        Kind: "Text",
        Text: Some(" blockquote"),
        Attrs: [],
        Elements: [
        ])
    },
    ])
}
Element{
    Kind: "EndOfLine",
    Text: None,
    Attrs: [],
    Elements: [
    ])
}
Element{
    Kind: "ListItem",
    Text: None,
    Attrs: [("level", "0")],
    Elements: [
    Element{
        Kind: "Text",
        Text: Some(" list"),
        Attrs: [],
        Elements: [
        ])
    },
    ])
}
Element{
    Kind: "EndOfLine",
    Text: None,
    Attrs: [],
    Elements: [
    ])
}
Element{
    Kind: "ListItem",
    Text: None,
    Attrs: [("level", "1")],
    Elements: [
    Element{
        Kind: "Text",
        Text: Some(" item"),
        Attrs: [],
        Elements: [
        ])
    },
    ])
}
Element{
    Kind: "EndOfLine",
    Text: None,
    Attrs: [],
    Elements: [
    ])
}
Element{
    Kind: "ListItem",
    Text: None,
    Attrs: [("level", "2")],
    Elements: [
    Element{
        Kind: "Text",
        Text: Some(" level "),
        Attrs: [],
        Elements: [
        ])
    },
    Element{
        Kind: "Italic",
        Text: None,
        Attrs: [],
        Elements: [
            Element{
            Kind: "Bold",
            Text: None,
            Attrs: [],
            Elements: [
                    Element{
                Kind: "Text",
                Text: Some("two??"),
                Attrs: [],
                Elements: [
                ])
            },
            ])
        },
        ])
    },
    ])
}
Element{
    Kind: "EndOfLine",
    Text: None,
    Attrs: [],
    Elements: [
    ])
}

