---
source: bismuth-parser/src/lib.rs
expression: "snapshot_str(\"[test](link.url)\\n![prev of a file](example.com)\\ntest ![other txt](./*test*)\")"
---
FrontMatter {
    file_name: Some(
        "test",
    ),
    title: None,
    path: Some(
        "/test",
    ),
    kind: Some(
        "default",
    ),
    values: None,
}
Element{
    Kind: "Link",
    Text: Some("test"),
    Attrs: [("link", "link.url")],
    Elements: [
    ])
}
Element{
    Kind: "EndOfLine",
    Text: None,
    Attrs: [],
    Elements: [
    ])
}
Element{
    Kind: "FilePrev",
    Text: Some("prev of a file"),
    Attrs: [("link", "example.com")],
    Elements: [
    ])
}
Element{
    Kind: "EndOfLine",
    Text: None,
    Attrs: [],
    Elements: [
    ])
}
Element{
    Kind: "Paragraph",
    Text: None,
    Attrs: [],
    Elements: [
    Element{
        Kind: "Text",
        Text: Some("test "),
        Attrs: [],
        Elements: [
        ])
    },
    Element{
        Kind: "FilePrev",
        Text: Some("other txt"),
        Attrs: [("link", "./*test*")],
        Elements: [
        ])
    },
    ])
}
Element{
    Kind: "EndOfLine",
    Text: None,
    Attrs: [],
    Elements: [
    ])
}

