---
source: socrates-parser/src/custom.rs
expression: "snapshot(\"name: this is a test name with --- dashes\\nkey: value\\ntext: this is a test \\\\n\\n---\\n<p>this is the body text</p>\")"
---
CustomElm {
    name: "this is a test name with --- dashes",
    values: {
        "text": "this is a test \\n",
        "key": "value",
    },
    body: Some(
        "<p>this is the body text</p>",
    ),
}
